Traceback (most recent call last):
  File "main.py", line 31, in <module>
    main()
  File "main.py", line 29, in main
    run_leds()
  File "main.py", line 19, in run_leds
    time.sleep(.01)
KeyboardInterrupt
